Archive member included to satisfy reference by file (symbol)

d:/dev_tools/mounriver/mounriver_studio/toolchain/risc-v embedded gcc/bin/../lib/gcc/riscv-none-embed/8.2.0/rv32imacxw/ilp32\libgcc.a(save-restore.o)
                              ./Peripheral/src/ch32v30x_flash.o (__riscv_save_4)
d:/dev_tools/mounriver/mounriver_studio/toolchain/risc-v embedded gcc/bin/../lib/gcc/riscv-none-embed/8.2.0/../../../../riscv-none-embed/lib/rv32imacxw/ilp32\libg_nano.a(lib_a-memset.o)
                              ./ws2812b/ws2812b.o (memset)
d:/dev_tools/mounriver/mounriver_studio/toolchain/risc-v embedded gcc/bin/../lib/gcc/riscv-none-embed/8.2.0/../../../../riscv-none-embed/lib/rv32imacxw/ilp32\libg_nano.a(lib_a-printf.o)
                              ./User/main.o (printf)
d:/dev_tools/mounriver/mounriver_studio/toolchain/risc-v embedded gcc/bin/../lib/gcc/riscv-none-embed/8.2.0/../../../../riscv-none-embed/lib/rv32imacxw/ilp32\libg_nano.a(lib_a-puts.o)
                              ./User/main.o (puts)
d:/dev_tools/mounriver/mounriver_studio/toolchain/risc-v embedded gcc/bin/../lib/gcc/riscv-none-embed/8.2.0/../../../../riscv-none-embed/lib/rv32imacxw/ilp32\libg_nano.a(lib_a-wbuf.o)
                              d:/dev_tools/mounriver/mounriver_studio/toolchain/risc-v embedded gcc/bin/../lib/gcc/riscv-none-embed/8.2.0/../../../../riscv-none-embed/lib/rv32imacxw/ilp32\libg_nano.a(lib_a-puts.o) (__swbuf_r)
d:/dev_tools/mounriver/mounriver_studio/toolchain/risc-v embedded gcc/bin/../lib/gcc/riscv-none-embed/8.2.0/../../../../riscv-none-embed/lib/rv32imacxw/ilp32\libg_nano.a(lib_a-wsetup.o)
                              d:/dev_tools/mounriver/mounriver_studio/toolchain/risc-v embedded gcc/bin/../lib/gcc/riscv-none-embed/8.2.0/../../../../riscv-none-embed/lib/rv32imacxw/ilp32\libg_nano.a(lib_a-puts.o) (__swsetup_r)
d:/dev_tools/mounriver/mounriver_studio/toolchain/risc-v embedded gcc/bin/../lib/gcc/riscv-none-embed/8.2.0/../../../../riscv-none-embed/lib/rv32imacxw/ilp32\libg_nano.a(lib_a-fflush.o)
                              d:/dev_tools/mounriver/mounriver_studio/toolchain/risc-v embedded gcc/bin/../lib/gcc/riscv-none-embed/8.2.0/../../../../riscv-none-embed/lib/rv32imacxw/ilp32\libg_nano.a(lib_a-wbuf.o) (_fflush_r)
d:/dev_tools/mounriver/mounriver_studio/toolchain/risc-v embedded gcc/bin/../lib/gcc/riscv-none-embed/8.2.0/../../../../riscv-none-embed/lib/rv32imacxw/ilp32\libg_nano.a(lib_a-findfp.o)
                              d:/dev_tools/mounriver/mounriver_studio/toolchain/risc-v embedded gcc/bin/../lib/gcc/riscv-none-embed/8.2.0/../../../../riscv-none-embed/lib/rv32imacxw/ilp32\libg_nano.a(lib_a-printf.o) (__sinit)
d:/dev_tools/mounriver/mounriver_studio/toolchain/risc-v embedded gcc/bin/../lib/gcc/riscv-none-embed/8.2.0/../../../../riscv-none-embed/lib/rv32imacxw/ilp32\libg_nano.a(lib_a-fwalk.o)
                              d:/dev_tools/mounriver/mounriver_studio/toolchain/risc-v embedded gcc/bin/../lib/gcc/riscv-none-embed/8.2.0/../../../../riscv-none-embed/lib/rv32imacxw/ilp32\libg_nano.a(lib_a-findfp.o) (_fwalk)
d:/dev_tools/mounriver/mounriver_studio/toolchain/risc-v embedded gcc/bin/../lib/gcc/riscv-none-embed/8.2.0/../../../../riscv-none-embed/lib/rv32imacxw/ilp32\libg_nano.a(lib_a-impure.o)
                              d:/dev_tools/mounriver/mounriver_studio/toolchain/risc-v embedded gcc/bin/../lib/gcc/riscv-none-embed/8.2.0/../../../../riscv-none-embed/lib/rv32imacxw/ilp32\libg_nano.a(lib_a-fflush.o) (_global_impure_ptr)
d:/dev_tools/mounriver/mounriver_studio/toolchain/risc-v embedded gcc/bin/../lib/gcc/riscv-none-embed/8.2.0/../../../../riscv-none-embed/lib/rv32imacxw/ilp32\libg_nano.a(lib_a-makebuf.o)
                              d:/dev_tools/mounriver/mounriver_studio/toolchain/risc-v embedded gcc/bin/../lib/gcc/riscv-none-embed/8.2.0/../../../../riscv-none-embed/lib/rv32imacxw/ilp32\libg_nano.a(lib_a-wsetup.o) (__smakebuf_r)
d:/dev_tools/mounriver/mounriver_studio/toolchain/risc-v embedded gcc/bin/../lib/gcc/riscv-none-embed/8.2.0/../../../../riscv-none-embed/lib/rv32imacxw/ilp32\libg_nano.a(lib_a-nano-freer.o)
                              d:/dev_tools/mounriver/mounriver_studio/toolchain/risc-v embedded gcc/bin/../lib/gcc/riscv-none-embed/8.2.0/../../../../riscv-none-embed/lib/rv32imacxw/ilp32\libg_nano.a(lib_a-wsetup.o) (_free_r)
d:/dev_tools/mounriver/mounriver_studio/toolchain/risc-v embedded gcc/bin/../lib/gcc/riscv-none-embed/8.2.0/../../../../riscv-none-embed/lib/rv32imacxw/ilp32\libg_nano.a(lib_a-nano-mallocr.o)
                              d:/dev_tools/mounriver/mounriver_studio/toolchain/risc-v embedded gcc/bin/../lib/gcc/riscv-none-embed/8.2.0/../../../../riscv-none-embed/lib/rv32imacxw/ilp32\libg_nano.a(lib_a-findfp.o) (_malloc_r)
d:/dev_tools/mounriver/mounriver_studio/toolchain/risc-v embedded gcc/bin/../lib/gcc/riscv-none-embed/8.2.0/../../../../riscv-none-embed/lib/rv32imacxw/ilp32\libg_nano.a(lib_a-nano-vfprintf.o)
[...]
Memory Configuration

Name             Origin             Length             Attributes
FLASH            0x0000000000000000 0x0000000000048000 xr
RAM              0x0000000020000000 0x0000000000008000 xrw
*default*        0x0000000000000000 0xffffffffffffffff

Linker script and memory map

LOAD ./ws2812b/ws2812b.o
LOAD ./awtrix/awtrix.o
LOAD ./awtrix/awtrix_font.o
LOAD ./User/ch32v30x_it.o
LOAD ./User/main.o
LOAD ./User/system_ch32v30x.o
LOAD ./Startup/startup_ch32v30x_D8C.o
LOAD ./Peripheral/src/ch32v30x_adc.o
LOAD ./Peripheral/src/ch32v30x_bkp.o
LOAD ./Peripheral/src/ch32v30x_can.o
LOAD ./Peripheral/src/ch32v30x_crc.o
LOAD ./Peripheral/src/ch32v30x_dac.o
LOAD ./Peripheral/src/ch32v30x_dbgmcu.o
LOAD ./Peripheral/src/ch32v30x_dma.o
LOAD ./Peripheral/src/ch32v30x_dvp.o
LOAD ./Peripheral/src/ch32v30x_eth.o
LOAD ./Peripheral/src/ch32v30x_exti.o
LOAD ./Peripheral/src/ch32v30x_flash.o
LOAD ./Peripheral/src/ch32v30x_fsmc.o
LOAD ./Peripheral/src/ch32v30x_gpio.o
LOAD ./Peripheral/src/ch32v30x_i2c.o
LOAD ./Peripheral/src/ch32v30x_iwdg.o
LOAD ./Peripheral/src/ch32v30x_misc.o
LOAD ./Peripheral/src/ch32v30x_opa.o
LOAD ./Peripheral/src/ch32v30x_pwr.o
LOAD ./Peripheral/src/ch32v30x_rcc.o
LOAD ./Peripheral/src/ch32v30x_rng.o
LOAD ./Peripheral/src/ch32v30x_rtc.o
LOAD ./Peripheral/src/ch32v30x_sdio.o
LOAD ./Peripheral/src/ch32v30x_spi.o
LOAD ./Peripheral/src/ch32v30x_tim.o
LOAD ./Peripheral/src/ch32v30x_usart.o
LOAD ./Peripheral/src/ch32v30x_wwdg.o
LOAD ./Debug/debug.o
LOAD ./Core/core_riscv.o
LOAD d:/dev_tools/mounriver/mounriver_studio/toolchain/risc-v embedded gcc/bin/../lib/gcc/riscv-none-embed/8.2.0/../../../../riscv-none-embed/lib/rv32imacxw/ilp32\libm.a
LOAD d:/dev_tools/mounriver/mounriver_studio/toolchain/risc-v embedded gcc/bin/../lib/gcc/riscv-none-embed/8.2.0/rv32imacxw/ilp32\libgcc.a
LOAD d:/dev_tools/mounriver/mounriver_studio/toolchain/risc-v embedded gcc/bin/../lib/gcc/riscv-none-embed/8.2.0/../../../../riscv-none-embed/lib/rv32imacxw/ilp32\libg_nano.a
LOAD d:/dev_tools/mounriver/mounriver_studio/toolchain/risc-v embedded gcc/bin/../lib/gcc/riscv-none-embed/8.2.0/../../../../riscv-none-embed/lib/rv32imacxw/ilp32\libc_nano.a
LOAD d:/dev_tools/mounriver/mounriver_studio/toolchain/risc-v embedded gcc/bin/../lib/gcc/riscv-none-embed/8.2.0/rv32imacxw/ilp32\libgcc.a
START GROUP
LOAD d:/dev_tools/mounriver/mounriver_studio/toolchain/risc-v embedded gcc/bin/../lib/gcc/riscv-none-embed/8.2.0/rv32imacxw/ilp32\libgcc.a
LOAD d:/dev_tools/mounriver/mounriver_studio/toolchain/risc-v embedded gcc/bin/../lib/gcc/riscv-none-embed/8.2.0/../../../../riscv-none-embed/lib/rv32imacxw/ilp32\libc_nano.a
LOAD d:/dev_tools/mounriver/mounriver_studio/toolchain/risc-v embedded gcc/bin/../lib/gcc/riscv-none-embed/8.2.0/../../../../riscv-none-embed/lib/rv32imacxw/ilp32\libnosys.a
END GROUP
START GROUP
LOAD d:/dev_tools/mounriver/mounriver_studio/toolchain/risc-v embedded gcc/bin/../lib/gcc/riscv-none-embed/8.2.0/rv32imacxw/ilp32\libgcc.a
LOAD d:/dev_tools/mounriver/mounriver_studio/toolchain/risc-v embedded gcc/bin/../lib/gcc/riscv-none-embed/8.2.0/../../../../riscv-none-embed/lib/rv32imacxw/ilp32\libc_nano.a
LOAD d:/dev_tools/mounriver/mounriver_studio/toolchain/risc-v embedded gcc/bin/../lib/gcc/riscv-none-embed/8.2.0/../../../../riscv-none-embed/lib/rv32imacxw/ilp32\libnosys.a
END GROUP
                0x0000000000000800                __stack_size = 0x800
                [!provide]                        PROVIDE (_stack_size = __stack_size)

.init           0x0000000000000000       0x38
                0x0000000000000000                _sinit = .
                0x0000000000000000                . = ALIGN (0x4)
 *(SORT_NONE(.init))
 .init          0x0000000000000000       0x38 ./Startup/startup_ch32v30x_D8C.o
                0x0000000000000000                _start
                0x0000000000000038                . = ALIGN (0x4)
                0x0000000000000038                _einit = .

.vector         0x0000000000000038      0x1c8
 *(.vector)
 .vector        0x0000000000000038      0x1a0 ./Startup/startup_ch32v30x_D8C.o
                0x0000000000000200                . = ALIGN (0x40)
 *fill*         0x00000000000001d8       0x28 

.text           0x0000000000000200     0x21e8
                0x0000000000000200                . = ALIGN (0x4)
 *(.text)
 .text          0x0000000000000200       0x60 d:/dev_tools/mounriver/mounriver_studio/toolchain/risc-v embedded gcc/bin/../lib/gcc/riscv-none-embed/8.2.0/rv32imacxw/ilp32\libgcc.a(save-restore.o)
                0x0000000000000200                __riscv_save_12
                0x0000000000000208                __riscv_save_9
                0x0000000000000208                __riscv_save_11
                0x0000000000000208                __riscv_save_10
                0x0000000000000208                __riscv_save_8
                0x0000000000000216                __riscv_save_4
                0x0000000000000216                __riscv_save_6
                0x0000000000000216                __riscv_save_5
                0x0000000000000216                __riscv_save_7
                0x0000000000000230                __riscv_save_3
                0x0000000000000230                __riscv_save_2
                0x0000000000000230                __riscv_save_1
                0x0000000000000230                __riscv_save_0
                0x000000000000023c                __riscv_restore_12
                0x0000000000000240                __riscv_restore_11
                0x0000000000000240                __riscv_restore_9
                0x0000000000000240                __riscv_restore_10
                0x0000000000000240                __riscv_restore_8
                0x000000000000024a                __riscv_restore_5
                0x000000000000024a                __riscv_restore_7
                0x000000000000024a                __riscv_restore_6
                0x000000000000024a                __riscv_restore_4
                0x0000000000000254                __riscv_restore_3
                0x0000000000000254                __riscv_restore_0
                0x0000000000000254                __riscv_restore_2
                0x0000000000000254                __riscv_restore_1
 .text          0x0000000000000260       0xa8 d:/dev_tools/mounriver/mounriver_studio/toolchain/risc-v embedded gcc/bin/../lib/gcc/riscv-none-embed/8.2.0/../../../../riscv-none-embed/lib/rv32imacxw/ilp32\libg_nano.a(lib_a-memset.o)
                0x0000000000000260                memset
 *(.text.*)
 .text.ws2812b_refresh
                0x0000000000000308      0x10e ./ws2812b/ws2812b.o
                0x0000000000000308                ws2812b_refresh
 .text.ws2812b_init
                0x0000000000000416       0xe8 ./ws2812b/ws2812b.o
                0x0000000000000416                ws2812b_init
 .text.DMA1_Channel7_IRQHandler
                0x00000000000004fe       0x14 ./ws2812b/ws2812b.o
                0x00000000000004fe                DMA1_Channel7_IRQHandler
 .text.enter_AWTRIX
                0x0000000000000512       0xb2 ./awtrix/awtrix.o
                0x0000000000000512                enter_AWTRIX
 .text.NMI_Handler
                0x00000000000005c4        0x4 ./User/ch32v30x_it.o
                0x00000000000005c4                NMI_Handler
 .text.HardFault_Handler
                0x00000000000005c8        0x2 ./User/ch32v30x_it.o
                0x00000000000005c8                HardFault_Handler
 .text.startup.main
                0x00000000000005ca       0x4e ./User/main.o
                0x00000000000005ca                main
 .text.SystemInit
                0x0000000000000618       0xfa ./User/system_ch32v30x.o
                0x0000000000000618                SystemInit
 .text.SystemCoreClockUpdate
                0x0000000000000712       0xbe ./User/system_ch32v30x.o
                0x0000000000000712                SystemCoreClockUpdate
 .text.vector_handler
                0x00000000000007d0       0xbe ./Startup/startup_ch32v30x_D8C.o
                0x00000000000007d4                Ecall_M_Mode_Handler
                0x00000000000007d6                Ecall_U_Mode_Handler
                0x00000000000007d8                Break_Point_Handler
                0x00000000000007da                SysTick_Handler
                0x00000000000007dc                SW_Handler
                0x00000000000007de                WWDG_IRQHandler
                0x00000000000007e0                PVD_IRQHandler
                0x00000000000007e2                TAMPER_IRQHandler
                0x00000000000007e4                RTC_IRQHandler
                0x00000000000007e6                FLASH_IRQHandler
                0x00000000000007e8                RCC_IRQHandler
                0x00000000000007ea                EXTI0_IRQHandler
                0x00000000000007ec                EXTI1_IRQHandler
                0x00000000000007ee                EXTI2_IRQHandler
                0x00000000000007f0                EXTI3_IRQHandler
                0x00000000000007f2                EXTI4_IRQHandler
                0x00000000000007f4                DMA1_Channel1_IRQHandler
                0x00000000000007f6                DMA1_Channel2_IRQHandler
                0x00000000000007f8                DMA1_Channel3_IRQHandler
                0x00000000000007fa                DMA1_Channel4_IRQHandler
                0x00000000000007fc                DMA1_Channel5_IRQHandler
                0x00000000000007fe                DMA1_Channel6_IRQHandler
                0x0000000000000802                ADC1_2_IRQHandler
                0x0000000000000804                USB_HP_CAN1_TX_IRQHandler
                0x0000000000000806                USB_LP_CAN1_RX0_IRQHandler
                0x0000000000000808                CAN1_RX1_IRQHandler
                0x000000000000080a                CAN1_SCE_IRQHandler
                0x000000000000080c                EXTI9_5_IRQHandler
                0x000000000000080e                TIM1_BRK_IRQHandler
                0x0000000000000810                TIM1_UP_IRQHandler
                0x0000000000000812                TIM1_TRG_COM_IRQHandler
                0x0000000000000814                TIM1_CC_IRQHandler
                0x0000000000000816                TIM2_IRQHandler
                0x0000000000000818                TIM3_IRQHandler
                0x000000000000081a                TIM4_IRQHandler
                0x000000000000081c                I2C1_EV_IRQHandler
                0x000000000000081e                I2C1_ER_IRQHandler
                0x0000000000000820                I2C2_EV_IRQHandler
                0x0000000000000822                I2C2_ER_IRQHandler
                0x0000000000000824                SPI1_IRQHandler
                0x0000000000000826                SPI2_IRQHandler
                0x0000000000000828                USART1_IRQHandler
                0x000000000000082a                USART2_IRQHandler
                0x000000000000082c                USART3_IRQHandler
                0x000000000000082e                EXTI15_10_IRQHandler
                0x0000000000000830                RTCAlarm_IRQHandler
                0x0000000000000832                USBWakeUp_IRQHandler
                0x0000000000000834                TIM8_BRK_IRQHandler
                0x0000000000000836                TIM8_UP_IRQHandler
                0x0000000000000838                TIM8_TRG_COM_IRQHandler
                0x000000000000083a                TIM8_CC_IRQHandler
                0x000000000000083c                RNG_IRQHandler
                0x000000000000083e                FSMC_IRQHandler
                0x0000000000000840                SDIO_IRQHandler
                0x0000000000000842                TIM5_IRQHandler
                0x0000000000000844                SPI3_IRQHandler
                0x0000000000000846                UART4_IRQHandler
                0x0000000000000848                UART5_IRQHandler
                0x000000000000084a                TIM6_IRQHandler
                0x000000000000084c                TIM7_IRQHandler
                0x000000000000084e                DMA2_Channel1_IRQHandler
                0x0000000000000850                DMA2_Channel2_IRQHandler
                0x0000000000000852                DMA2_Channel3_IRQHandler
                0x0000000000000854                DMA2_Channel4_IRQHandler
                0x0000000000000856                DMA2_Channel5_IRQHandler
                0x0000000000000858                ETH_IRQHandler
                0x000000000000085a                ETH_WKUP_IRQHandler
                0x000000000000085c                CAN2_TX_IRQHandler
                0x000000000000085e                CAN2_RX0_IRQHandler
                0x0000000000000860                CAN2_RX1_IRQHandler
                0x0000000000000862                CAN2_SCE_IRQHandler
                0x0000000000000864                OTG_FS_IRQHandler
                0x0000000000000866                USBHSWakeup_IRQHandler
                0x0000000000000868                USBHS_IRQHandler
                0x000000000000086a                DVP_IRQHandler
                0x000000000000086c                UART6_IRQHandler
                0x000000000000086e                UART7_IRQHandler
                0x0000000000000870                UART8_IRQHandler
                0x0000000000000872                TIM9_BRK_IRQHandler
                0x0000000000000874                TIM9_UP_IRQHandler
                0x0000000000000876                TIM9_TRG_COM_IRQHandler
                0x0000000000000878                TIM9_CC_IRQHandler
                0x000000000000087a                TIM10_BRK_IRQHandler
                0x000000000000087c                TIM10_UP_IRQHandler
                0x000000000000087e                TIM10_TRG_COM_IRQHandler
                0x0000000000000880                TIM10_CC_IRQHandler
                0x0000000000000882                DMA2_Channel6_IRQHandler
                0x0000000000000884                DMA2_Channel7_IRQHandler
                0x0000000000000886                DMA2_Channel8_IRQHandler
                0x0000000000000888                DMA2_Channel9_IRQHandler
                0x000000000000088a                DMA2_Channel10_IRQHandler
                0x000000000000088c                DMA2_Channel11_IRQHandler
 .text.handle_reset
                0x000000000000088e       0x8e ./Startup/startup_ch32v30x_D8C.o
                0x000000000000088e                handle_reset
 .text.DBGMCU_GetCHIPID
                0x000000000000091c        0xa ./Peripheral/src/ch32v30x_dbgmcu.o
                0x000000000000091c                DBGMCU_GetCHIPID
 .text.DMA_Init
                0x0000000000000926       0x38 ./Peripheral/src/ch32v30x_dma.o
                0x0000000000000926                DMA_Init
 .text.DMA_Cmd  0x000000000000095e       0x14 ./Peripheral/src/ch32v30x_dma.o
                0x000000000000095e                DMA_Cmd
 .text.DMA_ITConfig
                0x0000000000000972       0x12 ./Peripheral/src/ch32v30x_dma.o
                0x0000000000000972                DMA_ITConfig
 .text.DMA_SetCurrDataCounter
                0x0000000000000984        0x4 ./Peripheral/src/ch32v30x_dma.o
                0x0000000000000984                DMA_SetCurrDataCounter
 .text.DMA_GetFlagStatus
                0x0000000000000988       0x32 ./Peripheral/src/ch32v30x_dma.o
                0x0000000000000988                DMA_GetFlagStatus
 .text.DMA_ClearFlag
                0x00000000000009ba       0x2c ./Peripheral/src/ch32v30x_dma.o
                0x00000000000009ba                DMA_ClearFlag
 .text.DMA_GetITStatus
                0x00000000000009e6        0xa ./Peripheral/src/ch32v30x_dma.o
                0x00000000000009e6                DMA_GetITStatus
 .text.DMA_ClearITPendingBit
                0x00000000000009f0        0xa ./Peripheral/src/ch32v30x_dma.o
                0x00000000000009f0                DMA_ClearITPendingBit
 .text.GPIO_Init
                0x00000000000009fa       0xc0 ./Peripheral/src/ch32v30x_gpio.o
                0x00000000000009fa                GPIO_Init
 .text.NVIC_PriorityGroupConfig
                0x0000000000000aba        0x6 ./Peripheral/src/ch32v30x_misc.o
                0x0000000000000aba                NVIC_PriorityGroupConfig
 .text.NVIC_Init
                0x0000000000000ac0       0xa6 ./Peripheral/src/ch32v30x_misc.o
                0x0000000000000ac0                NVIC_Init
 .text.RCC_GetClocksFreq
                0x0000000000000b66      0x176 ./Peripheral/src/ch32v30x_rcc.o
                0x0000000000000b66                RCC_GetClocksFreq
 .text.RCC_AHBPeriphClockCmd
                0x0000000000000cdc       0x1e ./Peripheral/src/ch32v30x_rcc.o
                0x0000000000000cdc                RCC_AHBPeriphClockCmd
 .text.RCC_APB2PeriphClockCmd
                0x0000000000000cfa       0x1e ./Peripheral/src/ch32v30x_rcc.o
                0x0000000000000cfa                RCC_APB2PeriphClockCmd
 .text.RCC_APB1PeriphClockCmd
                0x0000000000000d18       0x1e ./Peripheral/src/ch32v30x_rcc.o
                0x0000000000000d18                RCC_APB1PeriphClockCmd
 .text.TIM_TimeBaseInit
                0x0000000000000d36       0xaa ./Peripheral/src/ch32v30x_tim.o
                0x0000000000000d36                TIM_TimeBaseInit
 .text.TIM_OC2Init
                0x0000000000000de0       0xae ./Peripheral/src/ch32v30x_tim.o
                0x0000000000000de0                TIM_OC2Init
 .text.TIM_Cmd  0x0000000000000e8e       0x18 ./Peripheral/src/ch32v30x_tim.o
                0x0000000000000e8e                TIM_Cmd
 .text.TIM_CtrlPWMOutputs
                0x0000000000000ea6       0x16 ./Peripheral/src/ch32v30x_tim.o
                0x0000000000000ea6                TIM_CtrlPWMOutputs
 .text.TIM_ITConfig
                0x0000000000000ebc       0x12 ./Peripheral/src/ch32v30x_tim.o
                0x0000000000000ebc                TIM_ITConfig
 .text.TIM_DMACmd
                0x0000000000000ece        0xa ./Peripheral/src/ch32v30x_tim.o
                0x0000000000000ece                TIM_DMACmd
 .text.TIM_OC2PreloadConfig
                0x0000000000000ed8       0x16 ./Peripheral/src/ch32v30x_tim.o
                0x0000000000000ed8                TIM_OC2PreloadConfig
 .text.USART_Init
                0x0000000000000eee       0xba ./Peripheral/src/ch32v30x_usart.o
                0x0000000000000eee                USART_Init
 .text.USART_Cmd
                0x0000000000000fa8       0x16 ./Peripheral/src/ch32v30x_usart.o
                0x0000000000000fa8                USART_Cmd
 .text.USART_SendData
                0x0000000000000fbe        0x8 ./Peripheral/src/ch32v30x_usart.o
                0x0000000000000fbe                USART_SendData
 .text.USART_GetFlagStatus
                0x0000000000000fc6        0xa ./Peripheral/src/ch32v30x_usart.o
                0x0000000000000fc6                USART_GetFlagStatus
 .text.Delay_Init
                0x0000000000000fd0       0x2a ./Debug/debug.o
                0x0000000000000fd0                Delay_Init
 .text.Delay_Ms
                0x0000000000000ffa       0x36 ./Debug/debug.o
                0x0000000000000ffa                Delay_Ms
 .text.USART_Printf_Init
                0x0000000000001030       0x52 ./Debug/debug.o
                0x0000000000001030                USART_Printf_Init
 .text._write   0x0000000000001082       0x3a ./Debug/debug.o
                0x0000000000001082                _write
 .text._sbrk    0x00000000000010bc       0x2a ./Debug/debug.o
                0x00000000000010bc                _sbrk
 .text.printf   0x00000000000010e6       0x40 d:/dev_tools/mounriver/mounriver_studio/toolchain/risc-v embedded gcc/bin/../lib/gcc/riscv-none-embed/8.2.0/../../../../riscv-none-embed/lib/rv32imacxw/ilp32\libg_nano.a(lib_a-printf.o)
                0x00000000000010e6                iprintf
                0x00000000000010e6                printf
 .text._puts_r  0x0000000000001126       0xd4 d:/dev_tools/mounriver/mounriver_studio/toolchain/risc-v embedded gcc/bin/../lib/gcc/riscv-none-embed/8.2.0/../../../../riscv-none-embed/lib/rv32imacxw/ilp32\libg_nano.a(lib_a-puts.o)
                0x0000000000001126                _puts_r
 .text.puts     0x00000000000011fa        0xa d:/dev_tools/mounriver/mounriver_studio/toolchain/risc-v embedded gcc/bin/../lib/gcc/riscv-none-embed/8.2.0/../../../../riscv-none-embed/lib/rv32imacxw/ilp32\libg_nano.a(lib_a-puts.o)
                0x00000000000011fa                puts
 .text.__swbuf_r
                0x0000000000001204       0xbc d:/dev_tools/mounriver/mounriver_studio/toolchain/risc-v embedded gcc/bin/../lib/gcc/riscv-none-embed/8.2.0/../../../../riscv-none-embed/lib/rv32imacxw/ilp32\libg_nano.a(lib_a-wbuf.o)
                0x0000000000001204                __swbuf_r
 .text.__swsetup_r
                0x00000000000012c0       0xfc d:/dev_tools/mounriver/mounriver_studio/toolchain/risc-v embedded gcc/bin/../lib/gcc/riscv-none-embed/8.2.0/../../../../riscv-none-embed/lib/rv32imacxw/ilp32\libg_nano.a(lib_a-wsetup.o)
                0x00000000000012c0                __swsetup_r
 .text.__sflush_r
                0x00000000000013bc      0x130 d:/dev_tools/mounriver/mounriver_studio/toolchain/risc-v embedded gcc/bin/../lib/gcc/riscv-none-embed/8.2.0/../../../../riscv-none-embed/lib/rv32imacxw/ilp32\libg_nano.a(lib_a-fflush.o)
                0x00000000000013bc                __sflush_r
 .text._fflush_r
                0x00000000000014ec       0x64 d:/dev_tools/mounriver/mounriver_studio/toolchain/risc-v embedded gcc/bin/../lib/gcc/riscv-none-embed/8.2.0/../../../../riscv-none-embed/lib/rv32imacxw/ilp32\libg_nano.a(lib_a-fflush.o)
                0x00000000000014ec                _fflush_r
 .text.std      0x0000000000001550       0x66 d:/dev_tools/mounriver/mounriver_studio/toolchain/risc-v embedded gcc/bin/../lib/gcc/riscv-none-embed/8.2.0/../../../../riscv-none-embed/lib/rv32imacxw/ilp32\libg_nano.a(lib_a-findfp.o)
 .text._cleanup_r
                0x00000000000015b6        0xa d:/dev_tools/mounriver/mounriver_studio/toolchain/risc-v embedded gcc/bin/../lib/gcc/riscv-none-embed/8.2.0/../../../../riscv-none-embed/lib/rv32imacxw/ilp32\libg_nano.a(lib_a-findfp.o)
                0x00000000000015b6                _cleanup_r
 .text.__sfmoreglue
                0x00000000000015c0       0x46 d:/dev_tools/mounriver/mounriver_studio/toolchain/risc-v embedded gcc/bin/../lib/gcc/riscv-none-embed/8.2.0/../../../../riscv-none-embed/lib/rv32imacxw/ilp32\libg_nano.a(lib_a-findfp.o)
                0x00000000000015c0                __sfmoreglue
 .text.__sinit  0x0000000000001606       0x66 d:/dev_tools/mounriver/mounriver_studio/toolchain/risc-v embedded gcc/bin/../lib/gcc/riscv-none-embed/8.2.0/../../../../riscv-none-embed/lib/rv32imacxw/ilp32\libg_nano.a(lib_a-findfp.o)
                0x0000000000001606                __sinit
 .text.__sfp    0x000000000000166c       0x9c d:/dev_tools/mounriver/mounriver_studio/toolchain/risc-v embedded gcc/bin/../lib/gcc/riscv-none-embed/8.2.0/../../../../riscv-none-embed/lib/rv32imacxw/ilp32\libg_nano.a(lib_a-findfp.o)
                0x000000000000166c                __sfp
 .text._fwalk_reent
                0x0000000000001708       0x6a d:/dev_tools/mounriver/mounriver_studio/toolchain/risc-v embedded gcc/bin/../lib/gcc/riscv-none-embed/8.2.0/../../../../riscv-none-embed/lib/rv32imacxw/ilp32\libg_nano.a(lib_a-fwalk.o)
                0x0000000000001708                _fwalk_reent
 .text.__swhatbuf_r
                0x0000000000001772       0x58 d:/dev_tools/mounriver/mounriver_studio/toolchain/risc-v embedded gcc/bin/../lib/gcc/riscv-none-embed/8.2.0/../../../../riscv-none-embed/lib/rv32imacxw/ilp32\libg_nano.a(lib_a-makebuf.o)
                0x0000000000001772                __swhatbuf_r
 .text.__smakebuf_r
                0x00000000000017ca       0x90 d:/dev_tools/mounriver/mounriver_studio/toolchain/risc-v embedded gcc/bin/../lib/gcc/riscv-none-embed/8.2.0/../../../../riscv-none-embed/lib/rv32imacxw/ilp32\libg_nano.a(lib_a-makebuf.o)
                0x00000000000017ca                __smakebuf_r
 .text._free_r  0x000000000000185a       0xa8 d:/dev_tools/mounriver/mounriver_studio/toolchain/risc-v embedded gcc/bin/../lib/gcc/riscv-none-embed/8.2.0/../../../../riscv-none-embed/lib/rv32imacxw/ilp32\libg_nano.a(lib_a-nano-freer.o)
                0x000000000000185a                _free_r
 .text._malloc_r
                0x0000000000001902       0xd4 d:/dev_tools/mounriver/mounriver_studio/toolchain/risc-v embedded gcc/bin/../lib/gcc/riscv-none-embed/8.2.0/../../../../riscv-none-embed/lib/rv32imacxw/ilp32\libg_nano.a(lib_a-nano-mallocr.o)
                0x0000000000001902                _malloc_r
 .text.__sfputc_r
                0x00000000000019d6       0x28 d:/dev_tools/mounriver/mounriver_studio/toolchain/risc-v embedded gcc/bin/../lib/gcc/riscv-none-embed/8.2.0/../../../../riscv-none-embed/lib/rv32imacxw/ilp32\libg_nano.a(lib_a-nano-vfprintf.o)
 .text.__sfputs_r
                0x00000000000019fe       0x40 d:/dev_tools/mounriver/mounriver_studio/toolchain/risc-v embedded gcc/bin/../lib/gcc/riscv-none-embed/8.2.0/../../../../riscv-none-embed/lib/rv32imacxw/ilp32\libg_nano.a(lib_a-nano-vfprintf.o)
                0x00000000000019fe                __sfputs_r
 .text._vfprintf_r
                0x0000000000001a3e      0x284 d:/dev_tools/mounriver/mounriver_studio/toolchain/risc-v embedded gcc/bin/../lib/gcc/riscv-none-embed/8.2.0/../../../../riscv-none-embed/lib/rv32imacxw/ilp32\libg_nano.a(lib_a-nano-vfprintf.o)
                0x0000000000001a3e                _vfprintf_r
                0x0000000000001a3e                _vfiprintf_r
 .text._printf_common
                0x0000000000001cc2      0x10c d:/dev_tools/mounriver/mounriver_studio/toolchain/risc-v embedded gcc/bin/../lib/gcc/riscv-none-embed/8.2.0/../../../../riscv-none-embed/lib/rv32imacxw/ilp32\libg_nano.a(lib_a-nano-vfprintf_i.o)
                0x0000000000001cc2                _printf_common
 .text._printf_i
                0x0000000000001dce      0x2a0 d:/dev_tools/mounriver/mounriver_studio/toolchain/risc-v embedded gcc/bin/../lib/gcc/riscv-none-embed/8.2.0/../../../../riscv-none-embed/lib/rv32imacxw/ilp32\libg_nano.a(lib_a-nano-vfprintf_i.o)
                0x0000000000001dce                _printf_i
 .text._sbrk_r  0x000000000000206e       0x32 d:/dev_tools/mounriver/mounriver_studio/toolchain/risc-v embedded gcc/bin/../lib/gcc/riscv-none-embed/8.2.0/../../../../riscv-none-embed/lib/rv32imacxw/ilp32\libg_nano.a(lib_a-sbrkr.o)
                0x000000000000206e                _sbrk_r
 .text.__sread  0x00000000000020a0       0x2c d:/dev_tools/mounriver/mounriver_studio/toolchain/risc-v embedded gcc/bin/../lib/gcc/riscv-none-embed/8.2.0/../../../../riscv-none-embed/lib/rv32imacxw/ilp32\libg_nano.a(lib_a-stdio.o)
                0x00000000000020a0                __sread
 .text.__swrite
                0x00000000000020cc       0x48 d:/dev_tools/mounriver/mounriver_studio/toolchain/risc-v embedded gcc/bin/../lib/gcc/riscv-none-embed/8.2.0/../../../../riscv-none-embed/lib/rv32imacxw/ilp32\libg_nano.a(lib_a-stdio.o)
                0x00000000000020cc                __swrite
 .text.__sseek  0x0000000000002114       0x30 d:/dev_tools/mounriver/mounriver_studio/toolchain/risc-v embedded gcc/bin/../lib/gcc/riscv-none-embed/8.2.0/../../../../riscv-none-embed/lib/rv32imacxw/ilp32\libg_nano.a(lib_a-stdio.o)
                0x0000000000002114                __sseek
 .text.__sclose
                0x0000000000002144        0x6 d:/dev_tools/mounriver/mounriver_studio/toolchain/risc-v embedded gcc/bin/../lib/gcc/riscv-none-embed/8.2.0/../../../../riscv-none-embed/lib/rv32imacxw/ilp32\libg_nano.a(lib_a-stdio.o)
                0x0000000000002144                __sclose
 .text._write_r
                0x000000000000214a       0x36 d:/dev_tools/mounriver/mounriver_studio/toolchain/risc-v embedded gcc/bin/../lib/gcc/riscv-none-embed/8.2.0/../../../../riscv-none-embed/lib/rv32imacxw/ilp32\libg_nano.a(lib_a-writer.o)
                0x000000000000214a                _write_r
 .text._close_r
                0x0000000000002180       0x30 d:/dev_tools/mounriver/mounriver_studio/toolchain/risc-v embedded gcc/bin/../lib/gcc/riscv-none-embed/8.2.0/../../../../riscv-none-embed/lib/rv32imacxw/ilp32\libg_nano.a(lib_a-closer.o)
                0x0000000000002180                _close_r
 .text._fstat_r
                0x00000000000021b0       0x32 d:/dev_tools/mounriver/mounriver_studio/toolchain/risc-v embedded gcc/bin/../lib/gcc/riscv-none-embed/8.2.0/../../../../riscv-none-embed/lib/rv32imacxw/ilp32\libg_nano.a(lib_a-fstatr.o)
                0x00000000000021b0                _fstat_r
 .text._isatty_r
                0x00000000000021e2       0x30 d:/dev_tools/mounriver/mounriver_studio/toolchain/risc-v embedded gcc/bin/../lib/gcc/riscv-none-embed/8.2.0/../../../../riscv-none-embed/lib/rv32imacxw/ilp32\libg_nano.a(lib_a-isattyr.o)
                0x00000000000021e2                _isatty_r
 .text._lseek_r
                0x0000000000002212       0x34 d:/dev_tools/mounriver/mounriver_studio/toolchain/risc-v embedded gcc/bin/../lib/gcc/riscv-none-embed/8.2.0/../../../../riscv-none-embed/lib/rv32imacxw/ilp32\libg_nano.a(lib_a-lseekr.o)
                0x0000000000002212                _lseek_r
 .text.memchr   0x0000000000002246       0x18 d:/dev_tools/mounriver/mounriver_studio/toolchain/risc-v embedded gcc/bin/../lib/gcc/riscv-none-embed/8.2.0/../../../../riscv-none-embed/lib/rv32imacxw/ilp32\libg_nano.a(lib_a-memchr.o)
                0x0000000000002246                memchr
 .text.__malloc_lock
                0x000000000000225e        0x2 d:/dev_tools/mounriver/mounriver_studio/toolchain/risc-v embedded gcc/bin/../lib/gcc/riscv-none-embed/8.2.0/../../../../riscv-none-embed/lib/rv32imacxw/ilp32\libg_nano.a(lib_a-mlock.o)
                0x000000000000225e                __malloc_lock
 .text.__malloc_unlock
                0x0000000000002260        0x2 d:/dev_tools/mounriver/mounriver_studio/toolchain/risc-v embedded gcc/bin/../lib/gcc/riscv-none-embed/8.2.0/../../../../riscv-none-embed/lib/rv32imacxw/ilp32\libg_nano.a(lib_a-mlock.o)
                0x0000000000002260                __malloc_unlock
 .text._read_r  0x0000000000002262       0x34 d:/dev_tools/mounriver/mounriver_studio/toolchain/risc-v embedded gcc/bin/../lib/gcc/riscv-none-embed/8.2.0/../../../../riscv-none-embed/lib/rv32imacxw/ilp32\libg_nano.a(lib_a-readr.o)
                0x0000000000002262                _read_r
 .text._close   0x0000000000002296       0x10 d:/dev_tools/mounriver/mounriver_studio/toolchain/risc-v embedded gcc/bin/../lib/gcc/riscv-none-embed/8.2.0/../../../../riscv-none-embed/lib/rv32imacxw/ilp32\libnosys.a(close.o)
                0x0000000000002296                _close
 .text._fstat   0x00000000000022a6       0x10 d:/dev_tools/mounriver/mounriver_studio/toolchain/risc-v embedded gcc/bin/../lib/gcc/riscv-none-embed/8.2.0/../../../../riscv-none-embed/lib/rv32imacxw/ilp32\libnosys.a(fstat.o)
                0x00000000000022a6                _fstat
 .text._isatty  0x00000000000022b6       0x10 d:/dev_tools/mounriver/mounriver_studio/toolchain/risc-v embedded gcc/bin/../lib/gcc/riscv-none-embed/8.2.0/../../../../riscv-none-embed/lib/rv32imacxw/ilp32\libnosys.a(isatty.o)
                0x00000000000022b6                _isatty
 .text._lseek   0x00000000000022c6       0x10 d:/dev_tools/mounriver/mounriver_studio/toolchain/risc-v embedded gcc/bin/../lib/gcc/riscv-none-embed/8.2.0/../../../../riscv-none-embed/lib/rv32imacxw/ilp32\libnosys.a(lseek.o)
                0x00000000000022c6                _lseek
 .text._read    0x00000000000022d6       0x10 d:/dev_tools/mounriver/mounriver_studio/toolchain/risc-v embedded gcc/bin/../lib/gcc/riscv-none-embed/8.2.0/../../../../riscv-none-embed/lib/rv32imacxw/ilp32\libnosys.a(read.o)
                0x00000000000022d6                _read
 *(.rodata)
 *(.rodata*)
 *fill*         0x00000000000022e6        0x2 
 .rodata.font_code_8x8
                0x00000000000022e8       0x2a ./awtrix/awtrix.o
 *fill*         0x0000000000002312        0x2 
 .rodata.main.str1.4
                0x0000000000002314       0x38 ./User/main.o
 .rodata.__sf_fake_stderr
                0x000000000000234c       0x20 d:/dev_tools/mounriver/mounriver_studio/toolchain/risc-v embedded gcc/bin/../lib/gcc/riscv-none-embed/8.2.0/../../../../riscv-none-embed/lib/rv32imacxw/ilp32\libg_nano.a(lib_a-findfp.o)
                0x000000000000234c                __sf_fake_stderr
 .rodata.__sf_fake_stdin
                0x000000000000236c       0x20 d:/dev_tools/mounriver/mounriver_studio/toolchain/risc-v embedded gcc/bin/../lib/gcc/riscv-none-embed/8.2.0/../../../../riscv-none-embed/lib/rv32imacxw/ilp32\libg_nano.a(lib_a-findfp.o)
                0x000000000000236c                __sf_fake_stdin
 .rodata.__sf_fake_stdout
                0x000000000000238c       0x20 d:/dev_tools/mounriver/mounriver_studio/toolchain/risc-v embedded gcc/bin/../lib/gcc/riscv-none-embed/8.2.0/../../../../riscv-none-embed/lib/rv32imacxw/ilp32\libg_nano.a(lib_a-findfp.o)
                0x000000000000238c                __sf_fake_stdout
 .rodata._vfprintf_r.str1.4
                0x00000000000023ac       0x13 d:/dev_tools/mounriver/mounriver_studio/toolchain/risc-v embedded gcc/bin/../lib/gcc/riscv-none-embed/8.2.0/../../../../riscv-none-embed/lib/rv32imacxw/ilp32\libg_nano.a(lib_a-nano-vfprintf.o)
 *fill*         0x00000000000023bf        0x1 
 .rodata._printf_i.str1.4
                0x00000000000023c0       0x28 d:/dev_tools/mounriver/mounriver_studio/toolchain/risc-v embedded gcc/bin/../lib/gcc/riscv-none-embed/8.2.0/../../../../riscv-none-embed/lib/rv32imacxw/ilp32\libg_nano.a(lib_a-nano-vfprintf_i.o)
                                         0x25 (size before relaxing)
 *(.gnu.linkonce.t.*)
                0x00000000000023e8                . = ALIGN (0x4)

.rela.dyn       0x00000000000023e8        0x0
 .rela.init     0x00000000000023e8        0x0 ./ws2812b/ws2812b.o
 .rela.vector   0x00000000000023e8        0x0 ./ws2812b/ws2812b.o
 .rela.text.handle_reset
                0x00000000000023e8        0x0 ./ws2812b/ws2812b.o
 .rela.text._sbrk
                0x00000000000023e8        0x0 ./ws2812b/ws2812b.o
 .rela.sdata.curbrk.5218
                0x00000000000023e8        0x0 ./ws2812b/ws2812b.o
 .rela.text._vfprintf_r
                0x00000000000023e8        0x0 ./ws2812b/ws2812b.o
 .rela.text._sbrk_r
                0x00000000000023e8        0x0 ./ws2812b/ws2812b.o
 .rela.text._write_r
                0x00000000000023e8        0x0 ./ws2812b/ws2812b.o
 .rela.text._close_r
                0x00000000000023e8        0x0 ./ws2812b/ws2812b.o
 .rela.text._fstat_r
                0x00000000000023e8        0x0 ./ws2812b/ws2812b.o
 .rela.text._isatty_r
                0x00000000000023e8        0x0 ./ws2812b/ws2812b.o
 .rela.text._lseek_r
                0x00000000000023e8        0x0 ./ws2812b/ws2812b.o
 .rela.text._read_r
                0x00000000000023e8        0x0 ./ws2812b/ws2812b.o
 .rela.text._close
                0x00000000000023e8        0x0 ./ws2812b/ws2812b.o
 .rela.text._fstat
                0x00000000000023e8        0x0 ./ws2812b/ws2812b.o
 .rela.text._isatty
                0x00000000000023e8        0x0 ./ws2812b/ws2812b.o
 .rela.text._lseek
                0x00000000000023e8        0x0 ./ws2812b/ws2812b.o
 .rela.text._read
                0x00000000000023e8        0x0 ./ws2812b/ws2812b.o

.fini           0x00000000000023e8        0x0
 *(SORT_NONE(.fini))
                0x00000000000023e8                . = ALIGN (0x4)
                [!provide]                        PROVIDE (_etext = .)
                [!provide]                        PROVIDE (_eitcm = .)

.preinit_array  0x00000000000023e8        0x0
                [!provide]                        PROVIDE (__preinit_array_start = .)
 *(.preinit_array)
                [!provide]                        PROVIDE (__preinit_array_end = .)

.init_array     0x00000000000023e8        0x0
                [!provide]                        PROVIDE (__init_array_start = .)
 *(SORT_BY_INIT_PRIORITY(.init_array.*) SORT_BY_INIT_PRIORITY(.ctors.*))
 *(.init_array EXCLUDE_FILE(*crtend?.o *crtend.o *crtbegin?.o *crtbegin.o) .ctors)
                [!provide]                        PROVIDE (__init_array_end = .)

.fini_array     0x00000000000023e8        0x0
                [!provide]                        PROVIDE (__fini_array_start = .)
 *(SORT_BY_INIT_PRIORITY(.fini_array.*) SORT_BY_INIT_PRIORITY(.dtors.*))
 *(.fini_array EXCLUDE_FILE(*crtend?.o *crtend.o *crtbegin?.o *crtbegin.o) .dtors)
                [!provide]                        PROVIDE (__fini_array_end = .)

.ctors
 *crtbegin.o(.ctors)
 *crtbegin?.o(.ctors)
 *(EXCLUDE_FILE(*crtend?.o *crtend.o) .ctors)
 *(SORT_BY_NAME(.ctors.*))
 *(.ctors)

.dtors
 *crtbegin.o(.dtors)
 *crtbegin?.o(.dtors)
 *(EXCLUDE_FILE(*crtend?.o *crtend.o) .dtors)
 *(SORT_BY_NAME(.dtors.*))
 *(.dtors)

.dalign         0x0000000020000000        0x0 load address 0x00000000000023e8
                0x0000000020000000                . = ALIGN (0x4)
                0x0000000020000000                PROVIDE (_data_vma = .)

.dlalign        0x00000000000023e8        0x0
                0x00000000000023e8                . = ALIGN (0x4)
                0x00000000000023e8                PROVIDE (_data_lma = .)

.data           0x0000000020000000       0x98 load address 0x00000000000023e8
 *(.gnu.linkonce.r.*)
 *(.data .data.*)
 .data.AHBPrescTable
                0x0000000020000000       0x10 ./User/system_ch32v30x.o
                0x0000000020000000                AHBPrescTable
 .data.APBAHBPrescTable
                0x0000000020000010       0x10 ./Peripheral/src/ch32v30x_rcc.o
 .data.impure_data
                0x0000000020000020       0x60 d:/dev_tools/mounriver/mounriver_studio/toolchain/risc-v embedded gcc/bin/../lib/gcc/riscv-none-embed/8.2.0/../../../../riscv-none-embed/lib/rv32imacxw/ilp32\libg_nano.a(lib_a-impure.o)
 *(.gnu.linkonce.d.*)
                0x0000000020000080                . = ALIGN (0x8)
                0x0000000020000880                PROVIDE (__global_pointer$ = (. + 0x800))
 *(.sdata .sdata.*)
 .sdata.SystemCoreClock
                0x0000000020000080        0x4 ./User/system_ch32v30x.o
                0x0000000020000080                SystemCoreClock
 .sdata.ADCPrescTable
                0x0000000020000084        0x4 ./Peripheral/src/ch32v30x_rcc.o
 .sdata.curbrk.5218
                0x0000000020000088        0x4 ./Debug/debug.o
 .sdata._impure_ptr
                0x000000002000008c        0x4 d:/dev_tools/mounriver/mounriver_studio/toolchain/risc-v embedded gcc/bin/../lib/gcc/riscv-none-embed/8.2.0/../../../../riscv-none-embed/lib/rv32imacxw/ilp32\libg_nano.a(lib_a-impure.o)
                0x000000002000008c                _impure_ptr
 *(.sdata2.*)
 .sdata2._global_impure_ptr
                0x0000000020000090        0x4 d:/dev_tools/mounriver/mounriver_studio/toolchain/risc-v embedded gcc/bin/../lib/gcc/riscv-none-embed/8.2.0/../../../../riscv-none-embed/lib/rv32imacxw/ilp32\libg_nano.a(lib_a-impure.o)
                0x0000000020000090                _global_impure_ptr
 *(.gnu.linkonce.s.*)
                0x0000000020000098                . = ALIGN (0x8)
 *fill*         0x0000000020000094        0x4 
 *(.srodata.cst16)
 *(.srodata.cst8)
 *(.srodata.cst4)
 *(.srodata.cst2)
 *(.srodata .srodata.*)
                0x0000000020000098                . = ALIGN (0x4)
                0x0000000020000098                PROVIDE (_edata = .)

.bss            0x0000000020000098     0x1b38 load address 0x0000000000002480
                0x0000000020000098                . = ALIGN (0x4)
                0x0000000020000098                PROVIDE (_sbss = .)
 *(.sbss*)
 .sbss.cursor_x
                0x0000000020000098        0x1 ./awtrix/awtrix.o
 .sbss.cursor_y
                0x0000000020000099        0x1 ./awtrix/awtrix.o
 *fill*         0x000000002000009a        0x2 
 .sbss.NVIC_Priority_Group
                0x000000002000009c        0x4 ./Peripheral/src/ch32v30x_misc.o
                0x000000002000009c                NVIC_Priority_Group
 .sbss.p_ms     0x00000000200000a0        0x2 ./Debug/debug.o
 .sbss.p_us     0x00000000200000a2        0x1 ./Debug/debug.o
 *fill*         0x00000000200000a3        0x1 
 .sbss.__malloc_free_list
                0x00000000200000a4        0x4 d:/dev_tools/mounriver/mounriver_studio/toolchain/risc-v embedded gcc/bin/../lib/gcc/riscv-none-embed/8.2.0/../../../../riscv-none-embed/lib/rv32imacxw/ilp32\libg_nano.a(lib_a-nano-mallocr.o)
                0x00000000200000a4                __malloc_free_list
 .sbss.__malloc_sbrk_start
                0x00000000200000a8        0x4 d:/dev_tools/mounriver/mounriver_studio/toolchain/risc-v embedded gcc/bin/../lib/gcc/riscv-none-embed/8.2.0/../../../../riscv-none-embed/lib/rv32imacxw/ilp32\libg_nano.a(lib_a-nano-mallocr.o)
                0x00000000200000a8                __malloc_sbrk_start
 *(.gnu.linkonce.sb.*)
 *(.bss*)
 .bss.bits_buf  0x00000000200000ac     0x181e ./ws2812b/ws2812b.o
 *fill*         0x00000000200018ca        0x2 
 .bss.matrix_buffer
                0x00000000200018cc      0x300 ./awtrix/awtrix.o
 *(.gnu.linkonce.b.*)
 *(COMMON*)
 COMMON         0x0000000020001bcc        0x4 d:/dev_tools/mounriver/mounriver_studio/toolchain/risc-v embedded gcc/bin/../lib/gcc/riscv-none-embed/8.2.0/../../../../riscv-none-embed/lib/rv32imacxw/ilp32\libg_nano.a(lib_a-reent.o)
                0x0000000020001bcc                errno
                0x0000000020001bd0                . = ALIGN (0x4)
                0x0000000020001bd0                PROVIDE (_ebss = .)
                0x0000000020001bd0                PROVIDE (_end = _ebss)
                [!provide]                        PROVIDE (end = .)

.stack          0x0000000020007800      0x800
                0x0000000020007800                PROVIDE (_heap_end = .)
                0x0000000020007800                . = ALIGN (0x4)
                [!provide]                        PROVIDE (_susrstack = .)
                0x0000000020008000                . = (. + __stack_size)
 *fill*         0x0000000020007800      0x800 
                0x0000000020008000                PROVIDE (_eusrstack = .)
OUTPUT(My_Awtrix.elf elf32-littleriscv)

.debug_info     0x0000000000000000     0xdb60
 .debug_info    0x0000000000000000     0x1681 ./ws2812b/ws2812b.o
 .debug_info    0x0000000000001681      0xac9 ./awtrix/awtrix.o
 .debug_info    0x000000000000214a      0x962 ./User/ch32v30x_it.o
 .debug_info    0x0000000000002aac      0xa9a ./User/main.o
 .debug_info    0x0000000000003546      0xb89 ./User/system_ch32v30x.o
 .debug_info    0x00000000000040cf       0x22 ./Startup/startup_ch32v30x_D8C.o
 .debug_info    0x00000000000040f1      0xa94 ./Peripheral/src/ch32v30x_dbgmcu.o
 .debug_info    0x0000000000004b85      0xd16 ./Peripheral/src/ch32v30x_dma.o
 .debug_info    0x000000000000589b     0x1093 ./Peripheral/src/ch32v30x_gpio.o
 .debug_info    0x000000000000692e      0xf72 ./Peripheral/src/ch32v30x_misc.o
 .debug_info    0x00000000000078a0     0x156e ./Peripheral/src/ch32v30x_rcc.o
 .debug_info    0x0000000000008e0e     0x2a16 ./Peripheral/src/ch32v30x_tim.o
 .debug_info    0x000000000000b824     0x1420 ./Peripheral/src/ch32v30x_usart.o
 .debug_info    0x000000000000cc44      0xf1c ./Debug/debug.o

.debug_abbrev   0x0000000000000000     0x25b8
 .debug_abbrev  0x0000000000000000      0x349 ./ws2812b/ws2812b.o
 .debug_abbrev  0x0000000000000349      0x23b ./awtrix/awtrix.o
 .debug_abbrev  0x0000000000000584      0x1cf ./User/ch32v30x_it.o
 .debug_abbrev  0x0000000000000753      0x237 ./User/main.o
 .debug_abbrev  0x000000000000098a      0x2c0 ./User/system_ch32v30x.o
 .debug_abbrev  0x0000000000000c4a       0x12 ./Startup/startup_ch32v30x_D8C.o
 .debug_abbrev  0x0000000000000c5c      0x2f7 ./Peripheral/src/ch32v30x_dbgmcu.o
 .debug_abbrev  0x0000000000000f53      0x2fd ./Peripheral/src/ch32v30x_dma.o
 .debug_abbrev  0x0000000000001250      0x309 ./Peripheral/src/ch32v30x_gpio.o
 .debug_abbrev  0x0000000000001559      0x2fb ./Peripheral/src/ch32v30x_misc.o
 .debug_abbrev  0x0000000000001854      0x351 ./Peripheral/src/ch32v30x_rcc.o
 .debug_abbrev  0x0000000000001ba5      0x408 ./Peripheral/src/ch32v30x_tim.o
 .debug_abbrev  0x0000000000001fad      0x312 ./Peripheral/src/ch32v30x_usart.o
 .debug_abbrev  0x00000000000022bf      0x2f9 ./Debug/debug.o

.debug_loc      0x0000000000000000     0x3b3b
 .debug_loc     0x0000000000000000      0x321 ./ws2812b/ws2812b.o
 .debug_loc     0x0000000000000321       0x81 ./awtrix/awtrix.o
 .debug_loc     0x00000000000003a2       0xda ./User/system_ch32v30x.o
 .debug_loc     0x000000000000047c       0x7c ./Peripheral/src/ch32v30x_dbgmcu.o
 .debug_loc     0x00000000000004f8      0x19a ./Peripheral/src/ch32v30x_dma.o
 .debug_loc     0x0000000000000692      0x670 ./Peripheral/src/ch32v30x_gpio.o
 .debug_loc     0x0000000000000d02       0xce ./Peripheral/src/ch32v30x_misc.o
 .debug_loc     0x0000000000000dd0      0xadb ./Peripheral/src/ch32v30x_rcc.o
 .debug_loc     0x00000000000018ab     0x195e ./Peripheral/src/ch32v30x_tim.o
 .debug_loc     0x0000000000003209      0x7bb ./Peripheral/src/ch32v30x_usart.o
 .debug_loc     0x00000000000039c4      0x177 ./Debug/debug.o

.debug_aranges  0x0000000000000000      0x828
 .debug_aranges
                0x0000000000000000       0x30 ./ws2812b/ws2812b.o
 .debug_aranges
                0x0000000000000030       0x20 ./awtrix/awtrix.o
 .debug_aranges
                0x0000000000000050       0x28 ./User/ch32v30x_it.o
 .debug_aranges
                0x0000000000000078       0x20 ./User/main.o
 .debug_aranges
                0x0000000000000098       0x28 ./User/system_ch32v30x.o
 .debug_aranges
                0x00000000000000c0       0x30 ./Startup/startup_ch32v30x_D8C.o
 .debug_aranges
                0x00000000000000f0       0x48 ./Peripheral/src/ch32v30x_dbgmcu.o
 .debug_aranges
                0x0000000000000138       0x60 ./Peripheral/src/ch32v30x_dma.o
 .debug_aranges
                0x0000000000000198       0xa8 ./Peripheral/src/ch32v30x_gpio.o
 .debug_aranges
                0x0000000000000240       0x28 ./Peripheral/src/ch32v30x_misc.o
 .debug_aranges
                0x0000000000000268      0x1a8 ./Peripheral/src/ch32v30x_rcc.o
 .debug_aranges
                0x0000000000000410      0x2d0 ./Peripheral/src/ch32v30x_tim.o
 .debug_aranges
                0x00000000000006e0      0x100 ./Peripheral/src/ch32v30x_usart.o
 .debug_aranges
                0x00000000000007e0       0x48 ./Debug/debug.o

.debug_ranges   0x0000000000000000      0x838
 .debug_ranges  0x0000000000000000       0x70 ./ws2812b/ws2812b.o
 .debug_ranges  0x0000000000000070       0x10 ./awtrix/awtrix.o
 .debug_ranges  0x0000000000000080       0x18 ./User/ch32v30x_it.o
 .debug_ranges  0x0000000000000098       0x10 ./User/main.o
 .debug_ranges  0x00000000000000a8       0x38 ./User/system_ch32v30x.o
 .debug_ranges  0x00000000000000e0       0x28 ./Startup/startup_ch32v30x_D8C.o
 .debug_ranges  0x0000000000000108       0x50 ./Peripheral/src/ch32v30x_dbgmcu.o
 .debug_ranges  0x0000000000000158       0x50 ./Peripheral/src/ch32v30x_dma.o
 .debug_ranges  0x00000000000001a8       0x98 ./Peripheral/src/ch32v30x_gpio.o
 .debug_ranges  0x0000000000000240       0x48 ./Peripheral/src/ch32v30x_misc.o
 .debug_ranges  0x0000000000000288      0x198 ./Peripheral/src/ch32v30x_rcc.o
 .debug_ranges  0x0000000000000420      0x2f0 ./Peripheral/src/ch32v30x_tim.o
 .debug_ranges  0x0000000000000710       0xf0 ./Peripheral/src/ch32v30x_usart.o
 .debug_ranges  0x0000000000000800       0x38 ./Debug/debug.o

.debug_line     0x0000000000000000     0x9f3e
 .debug_line    0x0000000000000000      0x825 ./ws2812b/ws2812b.o
 .debug_line    0x0000000000000825      0x3e9 ./awtrix/awtrix.o
 .debug_line    0x0000000000000c0e      0x23a ./User/ch32v30x_it.o
 .debug_line    0x0000000000000e48      0x3c9 ./User/main.o
 .debug_line    0x0000000000001211      0x742 ./User/system_ch32v30x.o
 .debug_line    0x0000000000001953      0x356 ./Startup/startup_ch32v30x_D8C.o
 .debug_line    0x0000000000001ca9      0x37d ./Peripheral/src/ch32v30x_dbgmcu.o
 .debug_line    0x0000000000002026      0x9c0 ./Peripheral/src/ch32v30x_dma.o
 .debug_line    0x00000000000029e6      0xd33 ./Peripheral/src/ch32v30x_gpio.o
 .debug_line    0x0000000000003719      0x4c0 ./Peripheral/src/ch32v30x_misc.o
 .debug_line    0x0000000000003bd9     0x1978 ./Peripheral/src/ch32v30x_rcc.o
 .debug_line    0x0000000000005551     0x32e5 ./Peripheral/src/ch32v30x_tim.o
 .debug_line    0x0000000000008836     0x1016 ./Peripheral/src/ch32v30x_usart.o
 .debug_line    0x000000000000984c      0x6f2 ./Debug/debug.o

.debug_str      0x0000000000000000     0x2b98
 .debug_str     0x0000000000000000     0x1165 ./ws2812b/ws2812b.o
                                       0x120d (size before relaxing)
 .debug_str     0x0000000000001165       0x57 ./awtrix/awtrix.o
                                        0x614 (size before relaxing)
 .debug_str     0x00000000000011bc       0x34 ./User/ch32v30x_it.o
                                        0x5a3 (size before relaxing)
 .debug_str     0x00000000000011f0       0x91 ./User/main.o
                                        0x631 (size before relaxing)
 .debug_str     0x0000000000001281       0xf5 ./User/system_ch32v30x.o
                                        0x6b9 (size before relaxing)
 .debug_str     0x0000000000001376       0x2e ./Startup/startup_ch32v30x_D8C.o
                                         0x57 (size before relaxing)
 .debug_str     0x00000000000013a4       0x87 ./Peripheral/src/ch32v30x_dbgmcu.o
                                        0x633 (size before relaxing)
 .debug_str     0x000000000000142b       0xc8 ./Peripheral/src/ch32v30x_dma.o
                                        0x7e0 (size before relaxing)
 .debug_str     0x00000000000014f3      0x238 ./Peripheral/src/ch32v30x_gpio.o
                                        0x95e (size before relaxing)
 .debug_str     0x000000000000172b       0xea ./Peripheral/src/ch32v30x_misc.o
                                        0xcb8 (size before relaxing)
 .debug_str     0x0000000000001815      0x59e ./Peripheral/src/ch32v30x_rcc.o
                                        0xcb7 (size before relaxing)
 .debug_str     0x0000000000001db3      0x937 ./Peripheral/src/ch32v30x_tim.o
                                       0x1268 (size before relaxing)
 .debug_str     0x00000000000026ea      0x41c ./Peripheral/src/ch32v30x_usart.o
                                        0xb04 (size before relaxing)
 .debug_str     0x0000000000002b06       0x92 ./Debug/debug.o
                                        0x8ec (size before relaxing)

.comment        0x0000000000000000       0x33
 .comment       0x0000000000000000       0x33 ./ws2812b/ws2812b.o
                                         0x34 (size before relaxing)
 .comment       0x0000000000000033       0x34 ./awtrix/awtrix.o
 .comment       0x0000000000000033       0x34 ./User/ch32v30x_it.o
 .comment       0x0000000000000033       0x34 ./User/main.o
 .comment       0x0000000000000033       0x34 ./User/system_ch32v30x.o
 .comment       0x0000000000000033       0x34 ./Peripheral/src/ch32v30x_dbgmcu.o
 .comment       0x0000000000000033       0x34 ./Peripheral/src/ch32v30x_dma.o
 .comment       0x0000000000000033       0x34 ./Peripheral/src/ch32v30x_gpio.o
 .comment       0x0000000000000033       0x34 ./Peripheral/src/ch32v30x_misc.o
 .comment       0x0000000000000033       0x34 ./Peripheral/src/ch32v30x_rcc.o
 .comment       0x0000000000000033       0x34 ./Peripheral/src/ch32v30x_tim.o
 .comment       0x0000000000000033       0x34 ./Peripheral/src/ch32v30x_usart.o
 .comment       0x0000000000000033       0x34 ./Debug/debug.o

.debug_frame    0x0000000000000000     0x1908
 .debug_frame   0x0000000000000000       0x78 ./ws2812b/ws2812b.o
 .debug_frame   0x0000000000000078       0x30 ./awtrix/awtrix.o
 .debug_frame   0x00000000000000a8       0x30 ./User/ch32v30x_it.o
 .debug_frame   0x00000000000000d8       0x28 ./User/main.o
 .debug_frame   0x0000000000000100       0x3c ./User/system_ch32v30x.o
 .debug_frame   0x000000000000013c       0x70 ./Peripheral/src/ch32v30x_dbgmcu.o
 .debug_frame   0x00000000000001ac       0xd8 ./Peripheral/src/ch32v30x_dma.o
 .debug_frame   0x0000000000000284      0x148 ./Peripheral/src/ch32v30x_gpio.o
 .debug_frame   0x00000000000003cc       0x30 ./Peripheral/src/ch32v30x_misc.o
 .debug_frame   0x00000000000003fc      0x344 ./Peripheral/src/ch32v30x_rcc.o
 .debug_frame   0x0000000000000740      0x614 ./Peripheral/src/ch32v30x_tim.o
 .debug_frame   0x0000000000000d54      0x204 ./Peripheral/src/ch32v30x_usart.o
 .debug_frame   0x0000000000000f58       0x9c ./Debug/debug.o
 .debug_frame   0x0000000000000ff4       0x54 d:/dev_tools/mounriver/mounriver_studio/toolchain/risc-v embedded gcc/bin/../lib/gcc/riscv-none-embed/8.2.0/../../../../riscv-none-embed/lib/rv32imacxw/ilp32\libg_nano.a(lib_a-printf.o)
 .debug_frame   0x0000000000001048       0x54 d:/dev_tools/mounriver/mounriver_studio/toolchain/risc-v embedded gcc/bin/../lib/gcc/riscv-none-embed/8.2.0/../../../../riscv-none-embed/lib/rv32imacxw/ilp32\libg_nano.a(lib_a-puts.o)
 .debug_frame   0x000000000000109c       0x50 d:/dev_tools/mounriver/mounriver_studio/toolchain/risc-v embedded gcc/bin/../lib/gcc/riscv-none-embed/8.2.0/../../../../riscv-none-embed/lib/rv32imacxw/ilp32\libg_nano.a(lib_a-wbuf.o)
 .debug_frame   0x00000000000010ec       0x3c d:/dev_tools/mounriver/mounriver_studio/toolchain/risc-v embedded gcc/bin/../lib/gcc/riscv-none-embed/8.2.0/../../../../riscv-none-embed/lib/rv32imacxw/ilp32\libg_nano.a(lib_a-wsetup.o)
 .debug_frame   0x0000000000001128       0x7c d:/dev_tools/mounriver/mounriver_studio/toolchain/risc-v embedded gcc/bin/../lib/gcc/riscv-none-embed/8.2.0/../../../../riscv-none-embed/lib/rv32imacxw/ilp32\libg_nano.a(lib_a-fflush.o)
 .debug_frame   0x00000000000011a4      0x148 d:/dev_tools/mounriver/mounriver_studio/toolchain/risc-v embedded gcc/bin/../lib/gcc/riscv-none-embed/8.2.0/../../../../riscv-none-embed/lib/rv32imacxw/ilp32\libg_nano.a(lib_a-findfp.o)
 .debug_frame   0x00000000000012ec       0x88 d:/dev_tools/mounriver/mounriver_studio/toolchain/risc-v embedded gcc/bin/../lib/gcc/riscv-none-embed/8.2.0/../../../../riscv-none-embed/lib/rv32imacxw/ilp32\libg_nano.a(lib_a-fwalk.o)
 .debug_frame   0x0000000000001374       0x64 d:/dev_tools/mounriver/mounriver_studio/toolchain/risc-v embedded gcc/bin/../lib/gcc/riscv-none-embed/8.2.0/../../../../riscv-none-embed/lib/rv32imacxw/ilp32\libg_nano.a(lib_a-makebuf.o)
 .debug_frame   0x00000000000013d8       0x40 d:/dev_tools/mounriver/mounriver_studio/toolchain/risc-v embedded gcc/bin/../lib/gcc/riscv-none-embed/8.2.0/../../../../riscv-none-embed/lib/rv32imacxw/ilp32\libg_nano.a(lib_a-nano-freer.o)
 .debug_frame   0x0000000000001418       0x40 d:/dev_tools/mounriver/mounriver_studio/toolchain/risc-v embedded gcc/bin/../lib/gcc/riscv-none-embed/8.2.0/../../../../riscv-none-embed/lib/rv32imacxw/ilp32\libg_nano.a(lib_a-nano-mallocr.o)
 .debug_frame   0x0000000000001458       0xd0 d:/dev_tools/mounriver/mounriver_studio/toolchain/risc-v embedded gcc/bin/../lib/gcc/riscv-none-embed/8.2.0/../../../../riscv-none-embed/lib/rv32imacxw/ilp32\libg_nano.a(lib_a-nano-vfprintf.o)
 .debug_frame   0x0000000000001528       0x8c d:/dev_tools/mounriver/mounriver_studio/toolchain/risc-v embedded gcc/bin/../lib/gcc/riscv-none-embed/8.2.0/../../../../riscv-none-embed/lib/rv32imacxw/ilp32\libg_nano.a(lib_a-nano-vfprintf_i.o)
 .debug_frame   0x00000000000015b4       0x30 d:/dev_tools/mounriver/mounriver_studio/toolchain/risc-v embedded gcc/bin/../lib/gcc/riscv-none-embed/8.2.0/../../../../riscv-none-embed/lib/rv32imacxw/ilp32\libg_nano.a(lib_a-sbrkr.o)
 .debug_frame   0x00000000000015e4       0xa4 d:/dev_tools/mounriver/mounriver_studio/toolchain/risc-v embedded gcc/bin/../lib/gcc/riscv-none-embed/8.2.0/../../../../riscv-none-embed/lib/rv32imacxw/ilp32\libg_nano.a(lib_a-stdio.o)
 .debug_frame   0x0000000000001688       0x30 d:/dev_tools/mounriver/mounriver_studio/toolchain/risc-v embedded gcc/bin/../lib/gcc/riscv-none-embed/8.2.0/../../../../riscv-none-embed/lib/rv32imacxw/ilp32\libg_nano.a(lib_a-writer.o)
 .debug_frame   0x00000000000016b8       0x30 d:/dev_tools/mounriver/mounriver_studio/toolchain/risc-v embedded gcc/bin/../lib/gcc/riscv-none-embed/8.2.0/../../../../riscv-none-embed/lib/rv32imacxw/ilp32\libg_nano.a(lib_a-closer.o)
 .debug_frame   0x00000000000016e8       0x30 d:/dev_tools/mounriver/mounriver_studio/toolchain/risc-v embedded gcc/bin/../lib/gcc/riscv-none-embed/8.2.0/../../../../riscv-none-embed/lib/rv32imacxw/ilp32\libg_nano.a(lib_a-fstatr.o)
 .debug_frame   0x0000000000001718       0x30 d:/dev_tools/mounriver/mounriver_studio/toolchain/risc-v embedded gcc/bin/../lib/gcc/riscv-none-embed/8.2.0/../../../../riscv-none-embed/lib/rv32imacxw/ilp32\libg_nano.a(lib_a-isattyr.o)
 .debug_frame   0x0000000000001748       0x30 d:/dev_tools/mounriver/mounriver_studio/toolchain/risc-v embedded gcc/bin/../lib/gcc/riscv-none-embed/8.2.0/../../../../riscv-none-embed/lib/rv32imacxw/ilp32\libg_nano.a(lib_a-lseekr.o)
 .debug_frame   0x0000000000001778       0x20 d:/dev_tools/mounriver/mounriver_studio/toolchain/risc-v embedded gcc/bin/../lib/gcc/riscv-none-embed/8.2.0/../../../../riscv-none-embed/lib/rv32imacxw/ilp32\libg_nano.a(lib_a-memchr.o)
 .debug_frame   0x0000000000001798       0x30 d:/dev_tools/mounriver/mounriver_studio/toolchain/risc-v embedded gcc/bin/../lib/gcc/riscv-none-embed/8.2.0/../../../../riscv-none-embed/lib/rv32imacxw/ilp32\libg_nano.a(lib_a-mlock.o)
 .debug_frame   0x00000000000017c8       0x30 d:/dev_tools/mounriver/mounriver_studio/toolchain/risc-v embedded gcc/bin/../lib/gcc/riscv-none-embed/8.2.0/../../../../riscv-none-embed/lib/rv32imacxw/ilp32\libg_nano.a(lib_a-readr.o)
 .debug_frame   0x00000000000017f8       0x70 d:/dev_tools/mounriver/mounriver_studio/toolchain/risc-v embedded gcc/bin/../lib/gcc/riscv-none-embed/8.2.0/../../../../riscv-none-embed/lib/rv32imacxw/ilp32\libg_nano.a(lib_a-reent.o)
 .debug_frame   0x0000000000001868       0x20 d:/dev_tools/mounriver/mounriver_studio/toolchain/risc-v embedded gcc/bin/../lib/gcc/riscv-none-embed/8.2.0/../../../../riscv-none-embed/lib/rv32imacxw/ilp32\libnosys.a(close.o)
 .debug_frame   0x0000000000001888       0x20 d:/dev_tools/mounriver/mounriver_studio/toolchain/risc-v embedded gcc/bin/../lib/gcc/riscv-none-embed/8.2.0/../../../../riscv-none-embed/lib/rv32imacxw/ilp32\libnosys.a(fstat.o)
 .debug_frame   0x00000000000018a8       0x20 d:/dev_tools/mounriver/mounriver_studio/toolchain/risc-v embedded gcc/bin/../lib/gcc/riscv-none-embed/8.2.0/../../../../riscv-none-embed/lib/rv32imacxw/ilp32\libnosys.a(isatty.o)
 .debug_frame   0x00000000000018c8       0x20 d:/dev_tools/mounriver/mounriver_studio/toolchain/risc-v embedded gcc/bin/../lib/gcc/riscv-none-embed/8.2.0/../../../../riscv-none-embed/lib/rv32imacxw/ilp32\libnosys.a(lseek.o)
 .debug_frame   0x00000000000018e8       0x20 d:/dev_tools/mounriver/mounriver_studio/toolchain/risc-v embedded gcc/bin/../lib/gcc/riscv-none-embed/8.2.0/../../../../riscv-none-embed/lib/rv32imacxw/ilp32\libnosys.a(read.o)

.stab           0x0000000000000000       0x84
 .stab          0x0000000000000000       0x24 d:/dev_tools/mounriver/mounriver_studio/toolchain/risc-v embedded gcc/bin/../lib/gcc/riscv-none-embed/8.2.0/../../../../riscv-none-embed/lib/rv32imacxw/ilp32\libnosys.a(close.o)
 .stab          0x0000000000000024       0x18 d:/dev_tools/mounriver/mounriver_studio/toolchain/risc-v embedded gcc/bin/../lib/gcc/riscv-none-embed/8.2.0/../../../../riscv-none-embed/lib/rv32imacxw/ilp32\libnosys.a(fstat.o)
                                         0x24 (size before relaxing)
 .stab          0x000000000000003c       0x18 d:/dev_tools/mounriver/mounriver_studio/toolchain/risc-v embedded gcc/bin/../lib/gcc/riscv-none-embed/8.2.0/../../../../riscv-none-embed/lib/rv32imacxw/ilp32\libnosys.a(isatty.o)
                                         0x24 (size before relaxing)
 .stab          0x0000000000000054       0x18 d:/dev_tools/mounriver/mounriver_studio/toolchain/risc-v embedded gcc/bin/../lib/gcc/riscv-none-embed/8.2.0/../../../../riscv-none-embed/lib/rv32imacxw/ilp32\libnosys.a(lseek.o)
                                         0x24 (size before relaxing)
 .stab          0x000000000000006c       0x18 d:/dev_tools/mounriver/mounriver_studio/toolchain/risc-v embedded gcc/bin/../lib/gcc/riscv-none-embed/8.2.0/../../../../riscv-none-embed/lib/rv32imacxw/ilp32\libnosys.a(read.o)
                                         0x24 (size before relaxing)

.stabstr        0x0000000000000000      0x117
 .stabstr       0x0000000000000000      0x117 d:/dev_tools/mounriver/mounriver_studio/toolchain/risc-v embedded gcc/bin/../lib/gcc/riscv-none-embed/8.2.0/../../../../riscv-none-embed/lib/rv32imacxw/ilp32\libnosys.a(close.o)
